Archive member included to satisfy reference by file (symbol)

build/cooja/mtype948.a(simEnvChange.o)
                              build/cooja/mtype948.o (simDontFallAsleep)
build/cooja/mtype948.a(cooja_mt.o)
                              build/cooja/mtype948.o (cooja_mt_start)
build/cooja/mtype948.a(cooja_mtarch.o)
                              build/cooja/mtype948.a(cooja_mt.o) (cooja_mtarch_start)
build/cooja/mtype948.a(rtimer-arch.o)
                              build/cooja/mtype948.o (rtimer_arch_check)
build/cooja/mtype948.a(beep.o)
                              build/cooja/mtype948.o (beep_interface)
build/cooja/mtype948.a(leds-arch.o)
                              build/cooja/mtype948.o (leds_interface)
build/cooja/mtype948.a(moteid.o)
                              build/cooja/mtype948.o (moteid_interface)
build/cooja/mtype948.a(pir-sensor.o)
                              build/cooja/mtype948.o (pir_interface)
build/cooja/mtype948.a(rs232.o)
                              build/cooja/mtype948.o (rs232_interface)
build/cooja/mtype948.a(vib-sensor.o)
                              build/cooja/mtype948.o (vib_interface)
build/cooja/mtype948.a(clock.o)
                              build/cooja/mtype948.o (clock_interface)
build/cooja/mtype948.a(cooja-log.o)
                              build/cooja/mtype948.o (simlog_interface)
build/cooja/mtype948.a(cfs-cooja.o)
                              build/cooja/mtype948.o (cfs_interface)
build/cooja/mtype948.a(cooja-radio.o)
                              build/cooja/mtype948.o (radio_interface)
build/cooja/mtype948.a(eeprom.o)
                              build/cooja/mtype948.o (eeprom_interface)
build/cooja/mtype948.a(random.o)
                              build/cooja/mtype948.a(moteid.o) (random_init)
build/cooja/mtype948.a(sensors.o)
                              build/cooja/mtype948.a(pir-sensor.o) (sensors_changed)
build/cooja/mtype948.a(leds.o)
                              build/cooja/mtype948.a(leds-arch.o) (leds_get)
build/cooja/mtype948.a(gpio-hal-arch.o)
                              build/cooja/mtype948.a(leds-arch.o) (gpio_hal_arch_register_pin_callback)
build/cooja/mtype948.a(buttons.o)
                              build/cooja/mtype948.o (button_interface)
build/cooja/mtype948.a(contiki-main.o)
                              build/cooja/mtype948.o (main)
build/cooja/mtype948.a(autostart.o)
                              build/cooja/mtype948.a(contiki-main.o) (autostart_start)
build/cooja/mtype948.a(ctimer.o)
                              build/cooja/mtype948.a(contiki-main.o) (ctimer_init)
build/cooja/mtype948.a(energest.o)
                              build/cooja/mtype948.a(contiki-main.o) (energest_init)
build/cooja/mtype948.a(etimer.o)
                              build/cooja/mtype948.a(contiki-main.o) (etimer_process)
build/cooja/mtype948.a(log.o)
                              build/cooja/mtype948.a(contiki-main.o) (curr_log_level_main)
build/cooja/mtype948.a(node-id.o)
                              build/cooja/mtype948.a(contiki-main.o) (node_id)
build/cooja/mtype948.a(process.o)
                              build/cooja/mtype948.a(ctimer.o) (process_current)
build/cooja/mtype948.a(rtimer.o)
                              build/cooja/mtype948.a(contiki-main.o) (rtimer_init)
build/cooja/mtype948.a(timer.o)
                              build/cooja/mtype948.a(etimer.o) (timer_set)
build/cooja/mtype948.a(list.o)
                              build/cooja/mtype948.a(ctimer.o) (list_init)
build/cooja/mtype948.a(button-hal.o)
                              build/cooja/mtype948.o (button_hal_init)
build/cooja/mtype948.a(gpio-hal.o)
                              build/cooja/mtype948.a(button-hal.o) (gpio_hal_register_handler)
build/cooja/mtype948.a(serial-line.o)
                              build/cooja/mtype948.a(rs232.o) (serial_line_input_byte)
build/cooja/mtype948.a(linkaddr.o)
                              build/cooja/mtype948.a(contiki-main.o) (linkaddr_node_addr)
build/cooja/mtype948.a(netstack.o)
                              build/cooja/mtype948.a(contiki-main.o) (netstack_init)
build/cooja/mtype948.a(packetbuf.o)
                              build/cooja/mtype948.a(cooja-radio.o) (packetbuf_clear)
build/cooja/mtype948.a(queuebuf.o)
                              build/cooja/mtype948.a(contiki-main.o) (queuebuf_init)
build/cooja/mtype948.a(csma.o)
                              build/cooja/mtype948.a(cooja-radio.o) (csma_driver)
build/cooja/mtype948.a(sicslowpan.o)
                              build/cooja/mtype948.a(contiki-main.o) (sicslowpan_driver)
build/cooja/mtype948.a(simple-udp.o)
                              build/cooja/obj/TransferUDP.o (simple_udp_sendto)
build/cooja/mtype948.a(tcpip.o)
                              build/cooja/mtype948.a(simple-udp.o) (tcpip_event)
build/cooja/mtype948.a(uip-ds6-nbr.o)
                              build/cooja/mtype948.a(tcpip.o) (uip_ds6_nbr_add)
build/cooja/mtype948.a(uip-ds6-route.o)
[...]
Memory Configuration

Name             Origin             Length             Attributes
*default*        0x0000000000000000 0xffffffffffffffff

Linker script and memory map

LOAD /usr/lib/gcc/x86_64-linux-gnu/11/../../../x86_64-linux-gnu/crti.o
LOAD /usr/lib/gcc/x86_64-linux-gnu/11/crtbeginS.o
LOAD udp-server-sample.o
LOAD build/cooja/mtype948.o
LOAD build/cooja/obj/Image.o
LOAD build/cooja/obj/ImageDB.o
LOAD build/cooja/obj/TransferUDP.o
LOAD build/cooja/mtype948.a
LOAD /usr/lib/gcc/x86_64-linux-gnu/11/libgcc.a
LOAD /usr/lib/gcc/x86_64-linux-gnu/11/libgcc_s.so
START GROUP
LOAD /usr/lib/gcc/x86_64-linux-gnu/11/../../../x86_64-linux-gnu/libgcc_s.so.1
LOAD /usr/lib/gcc/x86_64-linux-gnu/11/libgcc.a
END GROUP
LOAD /usr/lib/gcc/x86_64-linux-gnu/11/../../../x86_64-linux-gnu/libc.so
START GROUP
LOAD /lib/x86_64-linux-gnu/libc.so.6
LOAD /usr/lib/x86_64-linux-gnu/libc_nonshared.a
LOAD /lib64/ld-linux-x86-64.so.2
END GROUP
LOAD /usr/lib/gcc/x86_64-linux-gnu/11/libgcc.a
LOAD /usr/lib/gcc/x86_64-linux-gnu/11/libgcc_s.so
START GROUP
LOAD /usr/lib/gcc/x86_64-linux-gnu/11/../../../x86_64-linux-gnu/libgcc_s.so.1
LOAD /usr/lib/gcc/x86_64-linux-gnu/11/libgcc.a
END GROUP
LOAD /usr/lib/gcc/x86_64-linux-gnu/11/crtendS.o
LOAD /usr/lib/gcc/x86_64-linux-gnu/11/../../../x86_64-linux-gnu/crtn.o
                0x00000000000002a8                . = (SEGMENT_START ("text-segment", 0x0) + SIZEOF_HEADERS)

.note.gnu.property
                0x00000000000002a8       0x20
 .note.gnu.property
                0x00000000000002a8       0x20 /usr/lib/gcc/x86_64-linux-gnu/11/../../../x86_64-linux-gnu/crti.o

.note.gnu.build-id
                0x00000000000002c8       0x24
 *(.note.gnu.build-id)
 .note.gnu.build-id
                0x00000000000002c8       0x24 /usr/lib/gcc/x86_64-linux-gnu/11/../../../x86_64-linux-gnu/crti.o

.hash
 *(.hash)

.gnu.hash       0x00000000000002f0     0x14b4
 *(.gnu.hash)
 .gnu.hash      0x00000000000002f0     0x14b4 /usr/lib/gcc/x86_64-linux-gnu/11/../../../x86_64-linux-gnu/crti.o

.dynsym         0x00000000000017a8     0x4170
 *(.dynsym)
 .dynsym        0x00000000000017a8     0x4170 /usr/lib/gcc/x86_64-linux-gnu/11/../../../x86_64-linux-gnu/crti.o

.dynstr         0x0000000000005918     0x30b8
 *(.dynstr)
 .dynstr        0x0000000000005918     0x30b8 /usr/lib/gcc/x86_64-linux-gnu/11/../../../x86_64-linux-gnu/crti.o

.gnu.version    0x00000000000089d0      0x574
 *(.gnu.version)
 .gnu.version   0x00000000000089d0      0x574 /usr/lib/gcc/x86_64-linux-gnu/11/../../../x86_64-linux-gnu/crti.o

.gnu.version_d  0x0000000000008f48        0x0
 *(.gnu.version_d)
 .gnu.version_d
                0x0000000000008f48        0x0 /usr/lib/gcc/x86_64-linux-gnu/11/../../../x86_64-linux-gnu/crti.o

.gnu.version_r  0x0000000000008f48       0x40
 *(.gnu.version_r)
 .gnu.version_r
                0x0000000000008f48       0x40 /usr/lib/gcc/x86_64-linux-gnu/11/../../../x86_64-linux-gnu/crti.o

.rela.dyn       0x0000000000008f88     0x1e60
 *(.rela.init)
 *(.rela.text .rela.text.* .rela.gnu.linkonce.t.*)
 .rela.text     0x0000000000008f88        0x0 /usr/lib/gcc/x86_64-linux-gnu/11/../../../x86_64-linux-gnu/crti.o
 *(.rela.fini)
 *(.rela.rodata .rela.rodata.* .rela.gnu.linkonce.r.*)
 *(.rela.data .rela.data.* .rela.gnu.linkonce.d.*)
 .rela.data.rel.local
                0x0000000000008f88      0x690 /usr/lib/gcc/x86_64-linux-gnu/11/../../../x86_64-linux-gnu/crti.o
 .rela.data.rel.ro
                0x0000000000009618      0x288 /usr/lib/gcc/x86_64-linux-gnu/11/../../../x86_64-linux-gnu/crti.o
 .rela.data.rel
                0x00000000000098a0      0x3a8 /usr/lib/gcc/x86_64-linux-gnu/11/../../../x86_64-linux-gnu/crti.o
 .rela.data.rel.ro.local
                0x0000000000009c48      0x5a0 /usr/lib/gcc/x86_64-linux-gnu/11/../../../x86_64-linux-gnu/crti.o
 *(.rela.tdata .rela.tdata.* .rela.gnu.linkonce.td.*)
 *(.rela.tbss .rela.tbss.* .rela.gnu.linkonce.tb.*)
 *(.rela.ctors)
 *(.rela.dtors)
 *(.rela.got)
 .rela.got      0x000000000000a1e8      0xbd0 /usr/lib/gcc/x86_64-linux-gnu/11/../../../x86_64-linux-gnu/crti.o
 *(.rela.bss .rela.bss.* .rela.gnu.linkonce.b.*)
 *(.rela.ldata .rela.ldata.* .rela.gnu.linkonce.l.*)
 *(.rela.lbss .rela.lbss.* .rela.gnu.linkonce.lb.*)
 *(.rela.lrodata .rela.lrodata.* .rela.gnu.linkonce.lr.*)
 *(.rela.ifunc)
 .rela.ifunc    0x000000000000adb8        0x0 /usr/lib/gcc/x86_64-linux-gnu/11/../../../x86_64-linux-gnu/crti.o
 .rela.fini_array
                0x000000000000adb8       0x18 /usr/lib/gcc/x86_64-linux-gnu/11/../../../x86_64-linux-gnu/crti.o
 .rela.init_array
                0x000000000000add0       0x18 /usr/lib/gcc/x86_64-linux-gnu/11/../../../x86_64-linux-gnu/crti.o

.rela.plt       0x000000000000ade8     0x2118
 *(.rela.plt)
 .rela.plt      0x000000000000ade8     0x2118 /usr/lib/gcc/x86_64-linux-gnu/11/../../../x86_64-linux-gnu/crti.o
 *(.rela.iplt)

.relr.dyn
 *(.relr.dyn)
                0x000000000000d000                . = ALIGN (CONSTANT (MAXPAGESIZE))

.init           0x000000000000d000       0x1b
 *(SORT_NONE(.init))
 .init          0x000000000000d000       0x16 /usr/lib/gcc/x86_64-linux-gnu/11/../../../x86_64-linux-gnu/crti.o
                0x000000000000d000                _init
 .init          0x000000000000d016        0x5 /usr/lib/gcc/x86_64-linux-gnu/11/../../../x86_64-linux-gnu/crtn.o

.plt            0x000000000000d020     0x1620
 *(.plt)
 .plt           0x000000000000d020     0x1620 /usr/lib/gcc/x86_64-linux-gnu/11/../../../x86_64-linux-gnu/crti.o
 *(.iplt)

.plt.got        0x000000000000e640       0x30
 *(.plt.got)
 .plt.got       0x000000000000e640       0x30 /usr/lib/gcc/x86_64-linux-gnu/11/../../../x86_64-linux-gnu/crti.o

.plt.sec        0x000000000000e670     0x1610
 *(.plt.sec)
 .plt.sec       0x000000000000e670     0x1610 /usr/lib/gcc/x86_64-linux-gnu/11/../../../x86_64-linux-gnu/crti.o

.text           0x000000000000fc80    0x194e5
 *(.text.unlikely .text.*_unlikely .text.unlikely.*)
 *(.text.exit .text.exit.*)
 *(.text.startup .text.startup.*)
 *(.text.hot .text.hot.*)
 *(SORT_BY_NAME(.text.sorted.*))
 *(.text .stub .text.* .gnu.linkonce.t.*)
 .text          0x000000000000fc80        0x0 /usr/lib/gcc/x86_64-linux-gnu/11/../../../x86_64-linux-gnu/crti.o
 .text          0x000000000000fc80       0xb9 /usr/lib/gcc/x86_64-linux-gnu/11/crtbeginS.o
 .text          0x000000000000fd39      0x293 udp-server-sample.o
 .text          0x000000000000ffcc      0x396 build/cooja/mtype948.o
                0x000000000001007d                platform_init_stage_one
                0x0000000000010092                platform_init_stage_two
                0x00000000000100a7                platform_init_stage_three
                0x00000000000100bc                platform_main_loop
                0x0000000000010156                Java_org_contikios_cooja_corecomm_Lib1_init
                0x00000000000101a9                Java_org_contikios_cooja_corecomm_Lib1_getMemory
                0x0000000000010209                Java_org_contikios_cooja_corecomm_Lib1_setMemory
                0x00000000000102a2                Java_org_contikios_cooja_corecomm_Lib1_tick
                0x0000000000010330                Java_org_contikios_cooja_corecomm_Lib1_setReferenceAddress
 .text          0x0000000000010362      0x49b build/cooja/obj/Image.o
                0x0000000000010362                tImage_loadBmp
                0x00000000000105b7                tImage_saveBmp
                0x0000000000010790                tImage_destroy
 .text          0x00000000000107fd      0x20f build/cooja/obj/ImageDB.o
                0x00000000000107fd                tImageDb_get
                0x0000000000010872                tImageDb_load
                0x0000000000010968                tImageDb_create
                0x00000000000109a3                tImageDb_destroy
 .text          0x0000000000010a0c      0x294 build/cooja/obj/TransferUDP.o
                0x0000000000010a0c                tTransferUDP_send
                0x0000000000010be7                tTransferUDP_register
                0x0000000000010c28                tTransferUDP_create
                0x0000000000010c7a                tTransferUDP_destroy
 .text          0x0000000000010ca0       0x93 build/cooja/mtype948.a(simEnvChange.o)
                0x0000000000010ca0                doActionsBeforeTick
                0x0000000000010ce9                doActionsAfterTick
 .text          0x0000000000010d33       0xab build/cooja/mtype948.a(cooja_mt.o)
                0x0000000000010d33                cooja_mt_start
                0x0000000000010d73                cooja_mt_exec
                0x0000000000010db6                cooja_mt_yield
 .text          0x0000000000010dde      0x10e build/cooja/mtype948.a(cooja_mtarch.o)
                0x0000000000010dde                cooja_mtarch_start
                0x0000000000010e81                cooja_sw
                0x0000000000010eae                cooja_mtarch_exec
                0x0000000000010edc                cooja_mtarch_yield
 .text          0x0000000000010eec       0xcc build/cooja/mtype948.a(rtimer-arch.o)
                0x0000000000010eec                rtimer_arch_init
                0x0000000000010f12                rtimer_arch_schedule
                0x0000000000010f3c                rtimer_arch_next
                0x0000000000010f50                rtimer_arch_pending
                0x0000000000010f63                rtimer_arch_check
                0x0000000000010fa4                rtimer_arch_now
 .text          0x0000000000010fb8       0xe6 build/cooja/mtype948.a(beep.o)
                0x0000000000010fb8                beep_alarm
                0x0000000000010fd3                beep_beep
                0x0000000000010feb                beep
                0x0000000000011000                beep_down
                0x0000000000011018                beep_on
                0x000000000001102d                beep_off
                0x0000000000011042                beep_spinup
                0x0000000000011057                beep_quick
                0x000000000001106f                beep_long
 .text          0x000000000001109e       0x80 build/cooja/mtype948.a(leds-arch.o)
                0x00000000000110b7                leds_arch_init
 .text          0x000000000001111e       0x41 build/cooja/mtype948.a(moteid.o)
 .text          0x000000000001115f       0xfa build/cooja/mtype948.a(pir-sensor.o)
 .text          0x0000000000011259      0x19a build/cooja/mtype948.a(rs232.o)
                0x0000000000011259                rs232_init
                0x0000000000011264                rs232_set_speed
                0x0000000000011274                rs232_set_input
                0x000000000001128e                rs232_send
                0x00000000000112bc                rs232_print
                0x00000000000112ea                slip_arch_writeb
 .text          0x00000000000113f3       0xfa build/cooja/mtype948.a(vib-sensor.o)
 .text          0x00000000000114ed       0x6f build/cooja/mtype948.a(clock.o)
                0x00000000000114ed                clock_init
                0x00000000000114f8                clock_time
                0x000000000001150c                clock_seconds
                0x0000000000011538                clock_delay
 .text          0x000000000001155c      0x32d build/cooja/mtype948.a(cooja-log.o)
                0x000000000001155c                simlog_char
                0x00000000000115b6                simlog
                0x0000000000011655                log_message
                0x000000000001169a                log_set_putchar_with_slip
                0x00000000000116b1                log_putchar
                0x0000000000011735                log_puts
                0x0000000000011762                log_printf
 .text          0x0000000000011889      0x3a0 build/cooja/mtype948.a(cfs-cooja.o)
                0x0000000000011889                cfs_open
                0x0000000000011906                cfs_close
                0x000000000001191b                cfs_read
                0x00000000000119e2                cfs_write
                0x0000000000011af7                cfs_seek
                0x0000000000011ba6                cfs_remove
                0x0000000000011bd6                cfs_opendir
                0x0000000000011bed                cfs_readdir
                0x0000000000011c04                cfs_closedir
 .text          0x0000000000011c29      0x7a6 build/cooja/mtype948.a(cooja-radio.o)
                0x0000000000011c88                radio_set_channel
                0x0000000000011ca2                radio_set_txpower
                0x0000000000011cbf                radio_signal_strength_last
                0x0000000000011cd2                radio_signal_strength_current
                0x0000000000011ce5                radio_LQI
 .text          0x00000000000123cf      0x137 build/cooja/mtype948.a(eeprom.o)
                0x00000000000123cf                eeprom_init
                0x00000000000123da                eeprom_read
                0x0000000000012465                eeprom_write
 .text          0x0000000000012506       0x2f build/cooja/mtype948.a(random.o)
                0x0000000000012506                random_init
                0x0000000000012526                random_rand
 .text          0x0000000000012535      0x35f build/cooja/mtype948.a(sensors.o)
                0x000000000001257e                sensors_first
                0x0000000000012592                sensors_next
                0x00000000000125c1                sensors_changed
                0x000000000001260e                sensors_find
 .text          0x0000000000012894      0x3ad build/cooja/mtype948.a(leds.o)
                0x0000000000012894                leds_init
                0x00000000000128df                leds_single_on
                0x000000000001294c                leds_single_off
                0x00000000000129b9                leds_single_toggle
                0x00000000000129f1                leds_on
                0x0000000000012a82                leds_off
                0x0000000000012b13                leds_toggle
                0x0000000000012b6f                leds_set
                0x0000000000012b98                leds_get
 .text          0x0000000000012c41      0x41b build/cooja/mtype948.a(gpio-hal-arch.o)
                0x0000000000012c41                gpio_hal_arch_register_pin_callback
                0x0000000000012ce8                gpio_hal_arch_init
                0x0000000000012d3e                gpio_hal_arch_no_port_interrupt_enable
                0x0000000000012d8b                gpio_hal_arch_no_port_interrupt_disable
                0x0000000000012dd8                gpio_hal_arch_no_port_pin_cfg_set
                0x0000000000012e0e                gpio_hal_arch_no_port_pin_cfg_get
                0x0000000000012e42                gpio_hal_arch_no_port_pin_set_input
                0x0000000000012e55                gpio_hal_arch_no_port_pin_set_output
                0x0000000000012e68                gpio_hal_arch_no_port_set_pin
                0x0000000000012e8c                gpio_hal_arch_no_port_clear_pin
                0x0000000000012eb0                gpio_hal_arch_no_port_read_pin
                0x0000000000012edd                gpio_hal_arch_no_port_write_pin
                0x0000000000012f07                gpio_hal_arch_no_port_set_pins
                0x0000000000012f56                gpio_hal_arch_no_port_clear_pins
                0x0000000000012fa5                gpio_hal_arch_no_port_read_pins
                0x0000000000012ff3                gpio_hal_arch_no_port_write_pins
 .text          0x000000000001305c       0xa8 build/cooja/mtype948.a(buttons.o)
 .text          0x0000000000013104      0x419 build/cooja/mtype948.a(contiki-main.o)
                0x0000000000013104                main
 .text          0x000000000001351d       0xbd build/cooja/mtype948.a(autostart.o)
                0x000000000001351d                autostart_start
                0x000000000001357e                autostart_exit
 .text          0x00000000000135da      0x441 build/cooja/mtype948.a(ctimer.o)
                0x000000000001373c                ctimer_init
                0x0000000000013771                ctimer_set
                0x00000000000137b5                ctimer_set_with_process
                0x000000000001386f                ctimer_reset
                0x00000000000138e0                ctimer_restart
                0x0000000000013951                ctimer_stop
                0x00000000000139af                ctimer_expired
 .text          0x0000000000013a1b       0x25 build/cooja/mtype948.a(energest.o)
                0x0000000000013a1b                energest_init
                0x0000000000013a26                energest_flush
                0x0000000000013a31                energest_get_total_time
 .text          0x0000000000013a40      0x57c build/cooja/mtype948.a(etimer.o)
                0x0000000000013ce8                etimer_request_poll
                0x0000000000013d9a                etimer_set
                0x0000000000013dd0                etimer_reset_with_new_interval
                0x0000000000013e0b                etimer_reset
                0x0000000000013e36                etimer_restart
                0x0000000000013e61                etimer_adjust
                0x0000000000013e92                etimer_expired
                0x0000000000013eb1                etimer_expiration_time
                0x0000000000013ed1                etimer_start_time
                0x0000000000013ee6                etimer_pending
                0x0000000000013f00                etimer_next_expiration_time
                0x0000000000013f21                etimer_stop
 .text          0x0000000000013fbc      0x543 build/cooja/mtype948.a(log.o)
                0x0000000000013fbc                log_6addr
                0x0000000000014022                log_6addr_compact_snprint
                0x00000000000140fd                log_6addr_compact
                0x0000000000014163                log_lladdr
                0x00000000000141ed                log_lladdr_compact
                0x000000000001426f                log_bytes
                0x00000000000142cf                log_set_level
                0x00000000000143dd                log_get_level
                0x0000000000014494                log_level_to_str
 .text          0x00000000000144ff       0x36 build/cooja/mtype948.a(node-id.o)
                0x00000000000144ff                node_id_init
 .text          0x0000000000014535      0x673 build/cooja/mtype948.a(process.o)
                0x0000000000014535                process_alloc_event
                0x000000000001454f                process_start
                0x00000000000147bf                process_exit
                0x00000000000147eb                process_init
                0x00000000000149e2                process_run
                0x0000000000014a17                process_nevents
                0x0000000000014a37                process_post
                0x0000000000014aff                process_post_synch
                0x0000000000014b4d                process_poll
                0x0000000000014b8a                process_is_running
 .text          0x0000000000014ba8      0x101 build/cooja/mtype948.a(rtimer.o)
                0x0000000000014ba8                rtimer_init
                0x0000000000014bb8                rtimer_set
                0x0000000000014c39                rtimer_run_next
 .text          0x0000000000014ca9       0xfd build/cooja/mtype948.a(timer.o)
                0x0000000000014ca9                timer_set
                0x0000000000014cd8                timer_reset
                0x0000000000014d14                timer_restart
                0x0000000000014d33                timer_expired
                0x0000000000014d6e                timer_remaining
 .text          0x0000000000014da6      0x39b build/cooja/mtype948.a(list.o)
                0x0000000000014da6                list_init
                0x0000000000014dc0                list_head
                0x0000000000014dd5                list_copy
                0x0000000000014df6                list_tail
                0x0000000000014e3f                list_add
                0x0000000000014ea3                list_push
                0x0000000000014ee6                list_chop
                0x0000000000014f73                list_pop
                0x0000000000014fad                list_remove
                0x0000000000015039                list_length
                0x0000000000015074                list_insert
                0x00000000000150d7                list_item_next
                0x00000000000150fa                list_contains
 .text          0x0000000000015141      0x574 build/cooja/mtype948.a(button-hal.o)
                0x000000000001530c                button_hal_get_by_id
                0x000000000001535a                button_hal_get_by_index
                0x0000000000015391                button_hal_get_state
                0x00000000000153f4                button_hal_init
 .text          0x00000000000156b5      0x181 build/cooja/mtype948.a(gpio-hal.o)
                0x00000000000156b5                gpio_hal_register_handler
                0x00000000000156de                gpio_hal_event_handler
                0x0000000000015749                gpio_hal_init
                0x0000000000015768                gpio_hal_arch_port_toggle_pin
                0x000000000001579f                gpio_hal_arch_port_toggle_pins
                0x00000000000157d0                gpio_hal_arch_no_port_toggle_pin
                0x000000000001580a                gpio_hal_arch_no_port_toggle_pins
 .text          0x0000000000015836      0x238 build/cooja/mtype948.a(serial-line.o)
                0x0000000000015836                serial_line_input_byte
                0x0000000000015a31                serial_line_init
 .text          0x0000000000015a6e       0x80 build/cooja/mtype948.a(linkaddr.o)
                0x0000000000015a6e                linkaddr_copy
                0x0000000000015a8f                linkaddr_cmp
                0x0000000000015ac5                linkaddr_set_node_addr
 .text          0x0000000000015aee      0x12b build/cooja/mtype948.a(netstack.o)
                0x0000000000015aee                netstack_process_ip_callback
                0x0000000000015b8f                netstack_ip_packet_processor_add
                0x0000000000015bbf                uip_ds6_ip_packet_processor_rm
                0x0000000000015be8                netstack_init
 .text          0x0000000000015c19      0x4a8 build/cooja/mtype948.a(packetbuf.o)
                0x0000000000015c19                packetbuf_clear
                0x0000000000015c47                packetbuf_copyfrom
                0x0000000000015ca0                packetbuf_copyto
                0x0000000000015d46                packetbuf_hdralloc
                0x0000000000015dd5                packetbuf_hdrreduce
                0x0000000000015e25                packetbuf_set_datalen
                0x0000000000015e41                packetbuf_dataptr
                0x0000000000015e66                packetbuf_hdrptr
                0x0000000000015e77                packetbuf_datalen
                0x0000000000015e88                packetbuf_hdrlen
                0x0000000000015ea4                packetbuf_totlen
                0x0000000000015ec6                packetbuf_remaininglen
                0x0000000000015ede                packetbuf_attr_clear
                0x0000000000015f43                packetbuf_attr_copyto
                0x0000000000015f8e                packetbuf_attr_copyfrom
                0x0000000000015fd9                packetbuf_set_attr
                0x0000000000016009                packetbuf_attr
                0x000000000001602a                packetbuf_set_addr
                0x0000000000016070                packetbuf_addr
                0x000000000001609a                packetbuf_holds_broadcast
 .text          0x00000000000160c1      0x382 build/cooja/mtype948.a(queuebuf.o)
                0x00000000000160d6                queuebuf_init
                0x00000000000160ff                queuebuf_numfree
                0x0000000000016118                queuebuf_new_from_packetbuf
                0x00000000000161cb                queuebuf_update_attr_from_packetbuf
                0x000000000001620e                queuebuf_update_from_packetbuf
                0x000000000001626a                queuebuf_free
                0x00000000000162c6                queuebuf_to_packetbuf
                0x000000000001633f                queuebuf_dataptr
                0x0000000000016386                queuebuf_datalen
                0x00000000000163b6                queuebuf_addr
                0x00000000000163fd                queuebuf_attr
                0x0000000000016438                queuebuf_debug_print
 .text          0x0000000000016443      0x292 build/cooja/mtype948.a(csma.o)
 .text          0x00000000000166d5     0x3705 build/cooja/mtype948.a(sicslowpan.o)
                0x0000000000016ea8                netstack_sniffer_add
                0x0000000000016ec2                netstack_sniffer_remove
                0x0000000000019da3                sicslowpan_init
                0x0000000000019dca                sicslowpan_get_last_rssi
 .text          0x0000000000019dda      0x484 build/cooja/mtype948.a(simple-udp.o)
                0x0000000000019e0b                simple_udp_send
                0x0000000000019e7d                simple_udp_sendto
                0x0000000000019eef                simple_udp_sendto_port
                0x0000000000019f5f                simple_udp_register
 .text          0x000000000001a25e      0x884 build/cooja/mtype948.a(tcpip.o)
                0x000000000001a28e                tcpip_output
                0x000000000001a326                udp_attach
                0x000000000001a354                udp_new
                0x000000000001a3af                udp_broadcast_new
                0x000000000001a563                tcpip_input
                0x000000000001a73b                tcpip_ipv6_output
                0x000000000001a994                tcpip_poll_udp
                0x000000000001a9c2                tcpip_uipcall
 .text          0x000000000001aae2      0x416 build/cooja/mtype948.a(uip-ds6-nbr.o)
                0x000000000001aae2                uip_ds6_neighbors_init
                0x000000000001ab0b                uip_ds6_nbr_add
                0x000000000001aba9                uip_ds6_nbr_rm
                0x000000000001ac06                uip_ds6_nbr_update_ll
                0x000000000001ad0b                uip_ds6_nbr_get_ipaddr
                0x000000000001ad2b                uip_ds6_nbr_get_ll
                0x000000000001ad53                uip_ds6_nbr_num
                0x000000000001ada5                uip_ds6_nbr_head
                0x000000000001adbe                uip_ds6_nbr_next
                0x000000000001ade6                uip_ds6_nbr_lookup
                0x000000000001ae4f                uip_ds6_nbr_ll_lookup
                0x000000000001ae77                uip_ds6_nbr_ipaddr_from_lladdr
                0x000000000001aeab                uip_ds6_nbr_lladdr_from_ipaddr
                0x000000000001aee7                uip_ds6_link_callback
 .text          0x000000000001aef8      0x3fe build/cooja/mtype948.a(uip-ds6-route.o)
                0x000000000001af54                uip_ds6_route_init
                0x000000000001af7d                uip_ds6_route_count_nexthop_neighbors
                0x000000000001af8c                uip_ds6_route_nexthop
                0x000000000001af9f                uip_ds6_route_head
                0x000000000001afae                uip_ds6_route_next
                0x000000000001afc1                uip_ds6_route_is_nexthop
                0x000000000001afd4                uip_ds6_route_num_routes
                0x000000000001afe3                uip_ds6_route_lookup
                0x000000000001aff6                uip_ds6_route_add
                0x000000000001b012                uip_ds6_route_rm
                0x000000000001b021                uip_ds6_route_rm_by_nexthop
                0x000000000001b030                uip_ds6_defrt_head
                0x000000000001b049                uip_ds6_defrt_add
                0x000000000001b109                uip_ds6_defrt_rm
                0x000000000001b17f                uip_ds6_defrt_lookup
                0x000000000001b1f6                uip_ds6_defrt_choose
                0x000000000001b279                uip_ds6_defrt_periodic
 .text          0x000000000001b2f6      0xebc build/cooja/mtype948.a(uip-ds6.o)
                0x000000000001b2f6                uip_ds6_default_prefix
                0x000000000001b307                uip_ds6_set_default_prefix
                0x000000000001b32f                uip_ds6_init
                0x000000000001b5ce                uip_ds6_periodic
                0x000000000001b670                uip_ds6_list_loop
                0x000000000001b759                uip_ds6_prefix_add
                0x000000000001b82a                uip_ds6_prefix_rm
                0x000000000001b848                uip_ds6_prefix_lookup
                0x000000000001b89f                uip_ds6_is_addr_onlink
                0x000000000001b933                uip_ds6_addr_add
                0x000000000001ba7e                uip_ds6_addr_rm
                0x000000000001bb39                uip_ds6_addr_lookup
                0x000000000001bb8e                uip_ds6_get_link_local
                0x000000000001bc33                uip_ds6_get_global
                0x000000000001bcd8                uip_ds6_maddr_add
                0x000000000001bd54                uip_ds6_maddr_rm
                0x000000000001bd72                uip_ds6_maddr_lookup
                0x000000000001bdca                uip_ds6_aaddr_add
                0x000000000001be46                uip_ds6_aaddr_rm
                0x000000000001be64                uip_ds6_aaddr_lookup
                0x000000000001bebc                uip_ds6_select_src
                0x000000000001c046                uip_ds6_set_addr_iid
                0x000000000001c07f                uip_ds6_set_lladdr_from_iid
                0x000000000001c0b6                get_match_length
                0x000000000001c164                uip_ds6_compute_reachable_time
 .text          0x000000000001c1b2      0x1b9 build/cooja/mtype948.a(uip-packetqueue)
                0x000000000001c1f1                uip_packetqueue_new
                0x000000000001c20b                uip_packetqueue_alloc
                0x000000000001c285                uip_packetqueue_free
                0x000000000001c2dd                uip_packetqueue_buf
                0x000000000001c309                uip_packetqueue_buflen
                0x000000000001c338                uip_packetqueue_set_buflen
 .text          0x000000000001c36b      0x147 build/cooja/mtype948.a(uip-udp-packet.)
                0x000000000001c36b                uip_udp_packet_send
                0x000000000001c3ed                uip_udp_packet_sendto
 .text          0x000000000001c4b2     0x1701 build/cooja/mtype948.a(uip6.o)
                0x000000000001c576                uip_chksum
                0x000000000001c65c                uip_icmp6chksum
                0x000000000001c670                uip_udpchksum
                0x000000000001c684                uip_init
                0x000000000001c6eb                uip_remove_ext_hdr
                0x000000000001c7ec                uip_udp_new
                0x000000000001cb9a                uip_process
                0x000000000001da39                uip_htons
                0x000000000001da5c                uip_htonl
                0x000000000001daa4                uip_send
 .text          0x000000000001dbb3      0x598 build/cooja/mtype948.a(uipbuf.o)
                0x000000000001dbb3                uipbuf_clear
                0x000000000001dbe5                uipbuf_add_ext_hdr
                0x000000000001dc7d                uipbuf_set_len
                0x000000000001dcaf                uipbuf_set_len_field
                0x000000000001dce2                uipbuf_get_len_field
                0x000000000001dd0d                uipbuf_get_next_header
                0x000000000001de66                uipbuf_get_last_header
                0x000000000001def9                uipbuf_search_header
                0x000000000001dfc0                uipbuf_get_attr
                0x000000000001dff1                uipbuf_set_attr
                0x000000000001e031                uipbuf_set_default_attr
                0x000000000001e071                uipbuf_clear_attr
                0x000000000001e098                uipbuf_set_attr_flag
                0x000000000001e0bb                uipbuf_clr_attr_flag
                0x000000000001e0e4                uipbuf_is_attr_flag
                0x000000000001e109                uipbuf_init
 .text          0x000000000001e14b      0x59e build/cooja/mtype948.a(uiplib.o)
                0x000000000001e14b                uiplib_ip6addrconv
                0x000000000001e327                uiplib_ip4addrconv
                0x000000000001e3f9                uiplib_ipaddr_print
                0x000000000001e45f                uiplib_ipaddr_snprint
 .text          0x000000000001e6e9      0x66e build/cooja/mtype948.a(rpl.o)
                0x000000000001e6e9                rpl_lollipop_greater_than
                0x000000000001e74d                rpl_get_global_address
                0x000000000001e8ed                rpl_link_callback
                0x000000000001e957                rpl_has_joined
                0x000000000001e98a                rpl_is_reachable
                0x000000000001ea30                rpl_reset_prefix
                0x000000000001eaa7                rpl_set_prefix_from_addr
                0x000000000001ebc2                rpl_set_prefix
                0x000000000001ed2c                rpl_set_leaf_only
                0x000000000001ed46                rpl_get_leaf_only
 .text          0x000000000001ed57       0x49 build/cooja/mtype948.a(watchdog.o)
                0x000000000001ed57                watchdog_init
                0x000000000001ed62                watchdog_start
                0x000000000001ed6d                watchdog_periodic
                0x000000000001ed8a                watchdog_stop
                0x000000000001ed95                watchdog_reboot
 .text          0x000000000001eda0       0x61 build/cooja/mtype948.a(int-master.o)
                0x000000000001eda0                int_master_enable
                0x000000000001edb5                int_master_read_and_disable
                0x000000000001edd5                int_master_status_set
                0x000000000001edec                int_master_is_enabled
 .text          0x000000000001ee01      0x125 build/cooja/mtype948.a(stimer.o)
                0x000000000001ee01                stimer_set
                0x000000000001ee30                stimer_reset
                0x000000000001ee6c                stimer_restart
                0x000000000001ee8b                stimer_expired
                0x000000000001eecd                stimer_remaining
                0x000000000001ef05                stimer_elapsed
 .text          0x000000000001ef26      0x21a build/cooja/mtype948.a(memb.o)
                0x000000000001ef26                memb_init
                0x000000000001ef89                memb_alloc
                0x000000000001f003                memb_free
                0x000000000001f096                memb_inmemb
                0x000000000001f0ed                memb_numfree
 .text          0x000000000001f140      0x19d build/cooja/mtype948.a(ringbuf.o)
                0x000000000001f140                ringbuf_init
                0x000000000001f181                ringbuf_put
                0x000000000001f210                ringbuf_get
                0x000000000001f28e                ringbuf_size
                0x000000000001f2aa                ringbuf_elements
 .text          0x000000000001f2dd      0x446 build/cooja/mtype948.a(link-stats.o)
                0x000000000001f2dd                link_stats_from_lladdr
                0x000000000001f305                link_stats_get_lladdr
                0x000000000001f32d                link_stats_is_fresh
                0x000000000001f375                guess_etx_from_rssi
                0x000000000001f3f9                link_stats_packet_sent
                0x000000000001f54c                link_stats_input_callback
                0x000000000001f685                link_stats_reset
                0x000000000001f6e1                link_stats_init
 .text          0x000000000001f723      0xcb3 build/cooja/mtype948.a(nbr-table.o)
                0x000000000001fb81                nbr_table_count_entries
                0x000000000001fc23                nbr_table_gc_get_worst
                0x000000000001fc66                nbr_table_can_accept_new
                0x000000000001fe1b                nbr_table_entry_is_allowed
                0x000000000001fec8                nbr_table_register
                0x000000000001ff5a                nbr_table_is_registered
                0x000000000001ffb1                nbr_table_head
                0x000000000002001f                nbr_table_next
                0x000000000002009c                nbr_table_add_lladdr
                0x00000000000201fc                nbr_table_get_from_lladdr
                0x000000000002025b                nbr_table_remove
                0x00000000000202b5                nbr_table_lock
                0x00000000000202ea                nbr_table_unlock
                0x000000000002031f                nbr_table_get_lladdr
                0x0000000000020362                nbr_table_clear
                0x000000000002039f                nbr_table_key_head
                0x00000000000203b8                nbr_table_key_next
 .text          0x00000000000203d6      0x1e0 build/cooja/mtype948.a(mac-sequence.o)
                0x00000000000203d6                mac_sequence_is_duplicate
                0x00000000000204b7                mac_sequence_register_seqno
 .text          0x00000000000205b6      0x451 build/cooja/mtype948.a(framer-802154.o)
                0x0000000000020751                framer_802154_setup_params
 .text          0x0000000000020a07      0xae3 build/cooja/mtype948.a(csma-output.o)
                0x00000000000211e9                csma_output_packet
                0x00000000000214b2                csma_output_init
 .text          0x00000000000214ea       0x3d build/cooja/mtype948.a(csma-security.o)
                0x00000000000214ea                csma_security_create_frame
                0x0000000000021510                csma_security_parse_frame
 .text          0x0000000000021527      0x8b7 build/cooja/mtype948.a(uip-icmp6.o)
                0x00000000000215a4                uip_icmp6_input
                0x0000000000021602                uip_icmp6_register_input_handler
                0x0000000000021794                uip_icmp6_error_output
                0x0000000000021af9                uip_icmp6_send
                0x0000000000021d45                uip_icmp6_echo_reply_callback_add
                0x0000000000021d8c                uip_icmp6_echo_reply_callback_rm
                0x0000000000021db5                uip_icmp6_init
 .text          0x0000000000021dde      0x841 build/cooja/mtype948.a(uip-nd6.o)
                0x0000000000022605                uip_nd6_init
 .text          0x000000000002261f      0x7c4 build/cooja/mtype948.a(uip-sr.o)
                0x000000000002261f                uip_sr_num_nodes
                0x00000000000226ca                uip_sr_get_node
                0x0000000000022732                uip_sr_is_addr_reachable
                0x00000000000227fa                uip_sr_expire_parent
                0x000000000002285d                uip_sr_update_node
                0x00000000000229d1                uip_sr_init
                0x0000000000022a04                uip_sr_node_head
                0x0000000000022a1d                uip_sr_node_next
                0x0000000000022a3b                uip_sr_periodic
                0x0000000000022b60                uip_sr_free_all
                0x0000000000022bdf                uip_sr_link_snprint
 .text          0x0000000000022de3      0x35a build/cooja/mtype948.a(rpl-dag-root.o)
                0x0000000000022de3                rpl_dag_root_print_links
                0x0000000000022f58                rpl_dag_root_set_prefix
                0x0000000000022f94                rpl_dag_root_start
                0x00000000000230fd                rpl_dag_root_is_root
 .text          0x000000000002313d     0x1219 build/cooja/mtype948.a(rpl-dag.o)
                0x000000000002313d                rpl_dag_state_to_str
                0x000000000002319b                rpl_dag_get_root_ipaddr
                0x00000000000231e5                rpl_dag_leave
                0x0000000000023290                rpl_dag_poison_and_leave
                0x00000000000232ae                rpl_dag_periodic
                0x0000000000023372                rpl_is_addr_in_our_dag
                0x00000000000233ce                rpl_get_default_instance
                0x00000000000233f5                rpl_get_any_dag
                0x0000000000023462                rpl_refresh_routes
                0x00000000000234c4                rpl_global_repair
                0x0000000000023586                rpl_local_repair
                0x00000000000235e8                rpl_dag_ready_to_advertise
                0x0000000000023640                rpl_dag_update_state
                0x0000000000023f03                rpl_process_dio
                0x0000000000023fa5                rpl_process_dis
                0x0000000000023ff9                rpl_process_dao
                0x00000000000240a2                rpl_process_dao_ack
                0x0000000000024152                rpl_process_hbh
                0x00000000000241b1                rpl_dag_init_root
                0x0000000000024332                rpl_dag_init
 .text          0x0000000000024356      0xdf8 build/cooja/mtype948.a(rpl-ext-header.)
                0x0000000000024356                rpl_ext_header_srh_get_next_hop
                0x0000000000024467                rpl_ext_header_srh_update
                0x0000000000024aff                rpl_ext_header_hbh_update
                0x0000000000024e9f                rpl_ext_header_update
                0x0000000000024f49                rpl_ext_header_remove
 .text          0x000000000002514e     0x16eb build/cooja/mtype948.a(rpl-icmp6.o)
                0x00000000000252e2                rpl_icmp6_update_nbr_table
                0x0000000000025397                rpl_icmp6_dis_output
                0x0000000000025abb                rpl_icmp6_dio_output
                0x00000000000263eb                rpl_icmp6_dao_output
                0x000000000002675c                rpl_icmp6_dao_ack_output
                0x00000000000267f2                rpl_icmp6_init
 .text          0x0000000000026839      0x36f build/cooja/mtype948.a(rpl-mrhof.o)
 .text          0x0000000000026ba8       0x8c build/cooja/mtype948.a(rpl-nbr-policy.)
                0x0000000000026bf0                rpl_nbr_gc_get_worst
 .text          0x0000000000026c34      0xadd build/cooja/mtype948.a(rpl-neighbor.o)
                0x0000000000026cc7                rpl_neighbor_snprint
                0x0000000000026ff5                rpl_neighbor_print_list
                0x00000000000270cc                rpl_neighbor_count
                0x00000000000271b7                rpl_neighbor_get_from_lladdr
                0x00000000000271e2                rpl_neighbor_is_acceptable_parent
                0x000000000002722e                rpl_neighbor_get_link_metric
                0x000000000002727a                rpl_neighbor_rank_via_nbr
                0x00000000000272c6                rpl_neighbor_get_lladdr
                0x00000000000272f1                rpl_neighbor_get_ipaddr
                0x000000000002731f                rpl_neighbor_get_link_stats
                0x000000000002734d                rpl_neighbor_is_fresh
                0x000000000002737b                rpl_neighbor_is_parent
                0x00000000000273b4                rpl_neighbor_set_preferred_parent
                0x000000000002746b                rpl_neighbor_remove_all
                0x00000000000274d1                rpl_neighbor_get_from_ipaddr
                0x000000000002760a                rpl_neighbor_select_best
                0x00000000000276ea                rpl_neighbor_init
 .text          0x0000000000027711      0xd3d build/cooja/mtype948.a(rpl-timers.o)
                0x0000000000027711                rpl_timers_schedule_periodic_dis
                0x00000000000278c7                rpl_timers_dio_reset
                0x0000000000027a4b                rpl_timers_schedule_unicast_dio
                0x0000000000027c32                rpl_timers_schedule_dao
                0x0000000000027d38                rpl_timers_schedule_dao_ack
                0x0000000000027dfd                rpl_timers_notify_dao_ack
                0x0000000000027e72                get_probing_delay
                0x0000000000027eb9                get_probing_target
                0x00000000000280f7                rpl_schedule_probing
                0x000000000002813e                rpl_schedule_probing_now
                0x00000000000281cc                rpl_timers_unschedule_leaving
                0x0000000000028216                rpl_timers_schedule_leaving
                0x0000000000028274                rpl_timers_init
                0x0000000000028326                rpl_timers_stop_dag_timers
                0x00000000000283c8                rpl_timers_unschedule_state_update
                0x00000000000283f5                rpl_timers_schedule_state_update
 .text          0x000000000002844e       0x34 build/cooja/mtype948.a(assert.o)
                0x000000000002844e                _xassert
 .text          0x0000000000028482       0x3a build/cooja/mtype948.a(mac.o)
                0x0000000000028482                mac_call_sent_callback
 .text          0x00000000000284bc      0xca9 build/cooja/mtype948.a(frame802154.o)
                0x00000000000284ea                frame802154_get_pan_id
                0x00000000000284fb                frame802154_set_pan_id
                0x0000000000028517                frame802154_has_panid
                0x00000000000286f6                frame802154_check_dest_panid
                0x0000000000028794                frame802154_is_broadcast_addr
                0x00000000000287eb                frame802154_extract_linkaddr
                0x0000000000028a85                frame802154_hdrlen
                0x0000000000028b04                frame802154_create_fcf
                0x0000000000028bd6                frame802154_create
                0x0000000000028d80                frame802154_parse_fcf
                0x0000000000028e77                frame802154_parse
 .text          0x0000000000029165        0x0 /usr/lib/gcc/x86_64-linux-gnu/11/crtendS.o
 .text          0x0000000000029165        0x0 /usr/lib/gcc/x86_64-linux-gnu/11/../../../x86_64-linux-gnu/crtn.o
 *(.gnu.warning)

.fini           0x0000000000029168        0xd
 *(SORT_NONE(.fini))
 .fini          0x0000000000029168        0x8 /usr/lib/gcc/x86_64-linux-gnu/11/../../../x86_64-linux-gnu/crti.o
                0x0000000000029168                _fini
 .fini          0x0000000000029170        0x5 /usr/lib/gcc/x86_64-linux-gnu/11/../../../x86_64-linux-gnu/crtn.o
                [!provide]                        PROVIDE (__etext = .)
                [!provide]                        PROVIDE (_etext = .)
                [!provide]                        PROVIDE (etext = .)
                0x000000000002a000                . = ALIGN (CONSTANT (MAXPAGESIZE))
                0x000000000002a000                . = SEGMENT_START ("rodata-segment", (ALIGN (CONSTANT (MAXPAGESIZE)) + (. & (CONSTANT (MAXPAGESIZE) - 0x1))))

.rodata         0x000000000002a000      0x705
 *(.rodata .rodata.* .gnu.linkonce.r.*)
 .rodata        0x000000000002a000       0xa2 udp-server-sample.o
 .rodata        0x000000000002a0a2       0x31 build/cooja/obj/Image.o
 .rodata        0x000000000002a0d3       0x2e build/cooja/obj/ImageDB.o
 *fill*         0x000000000002a101        0x7 
 .rodata        0x000000000002a108       0x6f build/cooja/obj/TransferUDP.o
 .rodata        0x000000000002a177        0x6 build/cooja/mtype948.a(leds-arch.o)
                0x000000000002a177                leds_arch_leds
 .rodata        0x000000000002a17d        0x4 build/cooja/mtype948.a(pir-sensor.o)
 .rodata        0x000000000002a181        0x6 build/cooja/mtype948.a(rs232.o)
 .rodata        0x000000000002a187        0xa build/cooja/mtype948.a(vib-sensor.o)
 *fill*         0x000000000002a191        0x7 
 .rodata        0x000000000002a198       0x27 build/cooja/mtype948.a(cfs-cooja.o)
 *fill*         0x000000000002a1bf        0x1 
 .rodata        0x000000000002a1c0       0x68 build/cooja/mtype948.a(cooja-radio.o)
 .rodata        0x000000000002a228        0x8 build/cooja/mtype948.a(sensors.o)
 .rodata        0x000000000002a230       0x14 build/cooja/mtype948.a(buttons.o)
                0x000000000002a23c                button_hal_button_count
 *fill*         0x000000000002a244        0x4 
 .rodata        0x000000000002a248      0x104 build/cooja/mtype948.a(contiki-main.o)
 .rodata        0x000000000002a34c        0xf build/cooja/mtype948.a(ctimer.o)
 .rodata        0x000000000002a35b        0xc build/cooja/mtype948.a(etimer.o)
 *fill*         0x000000000002a367        0x1 
 .rodata        0x000000000002a368       0xc4 build/cooja/mtype948.a(log.o)
 .rodata        0x000000000002a42c       0x13 build/cooja/mtype948.a(button-hal.o)
 .rodata        0x000000000002a43f        0xe build/cooja/mtype948.a(serial-line.o)
 *fill*         0x000000000002a44d        0x3 
 .rodata        0x000000000002a450        0x8 build/cooja/mtype948.a(linkaddr.o)
                0x000000000002a450                linkaddr_null
 .rodata        0x000000000002a458        0x5 build/cooja/mtype948.a(csma.o)
 .rodata        0x000000000002a45d       0x1d build/cooja/mtype948.a(sicslowpan.o)
                0x000000000002a45d                unc_llconf
                0x000000000002a461                unc_ctxconf
                0x000000000002a465                unc_mxconf
                0x000000000002a469                llprefix
 .rodata        0x000000000002a47a       0x13 build/cooja/mtype948.a(simple-udp.o)
 .rodata        0x000000000002a48d        0xd build/cooja/mtype948.a(tcpip.o)
 *fill*         0x000000000002a49a        0x6 
 .rodata        0x000000000002a4a0       0x4d build/cooja/mtype948.a(uip-ds6-route.o)
 .rodata        0x000000000002a4ed       0x2d build/cooja/mtype948.a(uiplib.o)
 .rodata        0x000000000002a51a        0x9 build/cooja/mtype948.a(rpl.o)
 *fill*         0x000000000002a523        0x5 
 .rodata        0x000000000002a528       0x34 build/cooja/mtype948.a(csma-output.o)
 .rodata        0x000000000002a55c       0x44 build/cooja/mtype948.a(uip-sr.o)
 .rodata        0x000000000002a5a0       0xd7 build/cooja/mtype948.a(rpl-dag.o)
 *fill*         0x000000000002a677        0x1 
 .rodata        0x000000000002a678       0x58 build/cooja/mtype948.a(rpl-neighbor.o)
 .rodata        0x000000000002a6d0        0xc build/cooja/mtype948.a(rpl-timers.o)
 *fill*         0x000000000002a6dc        0x4 
 .rodata        0x000000000002a6e0       0x25 build/cooja/mtype948.a(assert.o)

.rodata1
 *(.rodata1)

.eh_frame_hdr   0x000000000002a708     0x16bc
 *(.eh_frame_hdr)
 .eh_frame_hdr  0x000000000002a708     0x16bc udp-server-sample.o
                0x000000000002a708                __GNU_EH_FRAME_HDR
 *(.eh_frame_entry .eh_frame_entry.*)

.eh_frame       0x000000000002bdc8     0x5b60
 *(.eh_frame)
 .eh_frame      0x000000000002bdc8       0x40 /usr/lib/gcc/x86_64-linux-gnu/11/../../../x86_64-linux-gnu/crti.o
 .eh_frame      0x000000000002be08       0x18 /usr/lib/gcc/x86_64-linux-gnu/11/../../../x86_64-linux-gnu/crti.o
                                         0x30 (size before relaxing)
 .eh_frame      0x000000000002be20       0x18 /usr/lib/gcc/x86_64-linux-gnu/11/../../../x86_64-linux-gnu/crti.o
                                         0x30 (size before relaxing)
 .eh_frame      0x000000000002be38       0x48 udp-server-sample.o
                                         0x60 (size before relaxing)
 .eh_frame      0x000000000002be80      0x178 build/cooja/mtype948.o
                                        0x190 (size before relaxing)
 .eh_frame      0x000000000002bff8       0x68 build/cooja/obj/Image.o
                                         0x80 (size before relaxing)
 .eh_frame      0x000000000002c060       0x88 build/cooja/obj/ImageDB.o
                                         0xa0 (size before relaxing)
 .eh_frame      0x000000000002c0e8       0xa0 build/cooja/obj/TransferUDP.o
                                         0xb8 (size before relaxing)
 .eh_frame      0x000000000002c188       0x40 build/cooja/mtype948.a(simEnvChange.o)
                                         0x58 (size before relaxing)
 .eh_frame      0x000000000002c1c8       0x60 build/cooja/mtype948.a(cooja_mt.o)
                                         0x78 (size before relaxing)
 .eh_frame      0x000000000002c228       0x80 build/cooja/mtype948.a(cooja_mtarch.o)
                                         0x98 (size before relaxing)
 .eh_frame      0x000000000002c2a8       0xc0 build/cooja/mtype948.a(rtimer-arch.o)
                                         0xd8 (size before relaxing)
 .eh_frame      0x000000000002c368      0x160 build/cooja/mtype948.a(beep.o)
                                        0x178 (size before relaxing)
 .eh_frame      0x000000000002c4c8       0x80 build/cooja/mtype948.a(leds-arch.o)
                                         0x98 (size before relaxing)
 .eh_frame      0x000000000002c548       0x40 build/cooja/mtype948.a(moteid.o)
                                         0x58 (size before relaxing)
 .eh_frame      0x000000000002c588       0xa0 build/cooja/mtype948.a(pir-sensor.o)
                                         0xb8 (size before relaxing)
 .eh_frame      0x000000000002c628      0x100 build/cooja/mtype948.a(rs232.o)
                                        0x118 (size before relaxing)
 .eh_frame      0x000000000002c728       0xa0 build/cooja/mtype948.a(vib-sensor.o)
                                         0xb8 (size before relaxing)
 .eh_frame      0x000000000002c7c8       0xc0 build/cooja/mtype948.a(clock.o)
                                         0xd8 (size before relaxing)
 .eh_frame      0x000000000002c888      0x128 build/cooja/mtype948.a(cooja-log.o)
                                        0x140 (size before relaxing)
 .eh_frame      0x000000000002c9b0      0x160 build/cooja/mtype948.a(cfs-cooja.o)
                                        0x178 (size before relaxing)
 .eh_frame      0x000000000002cb10      0x340 build/cooja/mtype948.a(cooja-radio.o)
                                        0x358 (size before relaxing)
 .eh_frame      0x000000000002ce50       0xa0 build/cooja/mtype948.a(eeprom.o)
                                         0xb8 (size before relaxing)
 .eh_frame      0x000000000002cef0       0x40 build/cooja/mtype948.a(random.o)
                                         0x58 (size before relaxing)
 .eh_frame      0x000000000002cf30       0xc0 build/cooja/mtype948.a(sensors.o)
                                         0xd8 (size before relaxing)
 .eh_frame      0x000000000002cff0      0x120 build/cooja/mtype948.a(leds.o)
                                        0x138 (size before relaxing)
 .eh_frame      0x000000000002d110      0x220 build/cooja/mtype948.a(gpio-hal-arch.o)
                                        0x238 (size before relaxing)
 .eh_frame      0x000000000002d330       0xa0 build/cooja/mtype948.a(buttons.o)
                                         0xb8 (size before relaxing)
 .eh_frame      0x000000000002d3d0       0x20 build/cooja/mtype948.a(contiki-main.o)
                                         0x38 (size before relaxing)
 .eh_frame      0x000000000002d3f0       0x40 build/cooja/mtype948.a(autostart.o)
                                         0x58 (size before relaxing)
 .eh_frame      0x000000000002d430      0x100 build/cooja/mtype948.a(ctimer.o)
                                        0x118 (size before relaxing)
 .eh_frame      0x000000000002d530       0x60 build/cooja/mtype948.a(energest.o)
                                         0x78 (size before relaxing)
 .eh_frame      0x000000000002d590      0x1e0 build/cooja/mtype948.a(etimer.o)
                                        0x1f8 (size before relaxing)
 .eh_frame      0x000000000002d770      0x120 build/cooja/mtype948.a(log.o)
                                        0x138 (size before relaxing)
 .eh_frame      0x000000000002d890       0x20 build/cooja/mtype948.a(node-id.o)
                                         0x38 (size before relaxing)
 .eh_frame      0x000000000002d8b0      0x1c8 build/cooja/mtype948.a(process.o)
                                        0x1e0 (size before relaxing)
 .eh_frame      0x000000000002da78       0x60 build/cooja/mtype948.a(rtimer.o)
                                         0x78 (size before relaxing)
 .eh_frame      0x000000000002dad8       0xa0 build/cooja/mtype948.a(timer.o)
                                         0xb8 (size before relaxing)
 .eh_frame      0x000000000002db78      0x1a0 build/cooja/mtype948.a(list.o)
                                        0x1b8 (size before relaxing)
 .eh_frame      0x000000000002dd18      0x160 build/cooja/mtype948.a(button-hal.o)
                                        0x178 (size before relaxing)
 .eh_frame      0x000000000002de78       0xe0 build/cooja/mtype948.a(gpio-hal.o)
                                         0xf8 (size before relaxing)
 .eh_frame      0x000000000002df58       0x60 build/cooja/mtype948.a(serial-line.o)
                                         0x78 (size before relaxing)
 .eh_frame      0x000000000002dfb8       0x60 build/cooja/mtype948.a(linkaddr.o)
                                         0x78 (size before relaxing)
 .eh_frame      0x000000000002e018       0x80 build/cooja/mtype948.a(netstack.o)
                                         0x98 (size before relaxing)
 .eh_frame      0x000000000002e098      0x288 build/cooja/mtype948.a(packetbuf.o)
                                        0x2a0 (size before relaxing)
 .eh_frame      0x000000000002e320      0x1a0 build/cooja/mtype948.a(queuebuf.o)
                                        0x1b8 (size before relaxing)
 .eh_frame      0x000000000002e4c0       0xe0 build/cooja/mtype948.a(csma.o)
                                         0xf8 (size before relaxing)
 .eh_frame      0x000000000002e5a0      0x2e0 build/cooja/mtype948.a(sicslowpan.o)
                                        0x2f8 (size before relaxing)
 .eh_frame      0x000000000002e880       0xc0 build/cooja/mtype948.a(simple-udp.o)
                                         0xd8 (size before relaxing)
 .eh_frame      0x000000000002e940      0x248 build/cooja/mtype948.a(tcpip.o)
                                        0x260 (size before relaxing)
 .eh_frame      0x000000000002eb88      0x1c0 build/cooja/mtype948.a(uip-ds6-nbr.o)
                                        0x1d8 (size before relaxing)
 .eh_frame      0x000000000002ed48      0x240 build/cooja/mtype948.a(uip-ds6-route.o)
                                        0x258 (size before relaxing)
 .eh_frame      0x000000000002ef88      0x328 build/cooja/mtype948.a(uip-ds6.o)
                                        0x340 (size before relaxing)
 .eh_frame      0x000000000002f2b0       0xe0 build/cooja/mtype948.a(uip-packetqueue)
                                         0xf8 (size before relaxing)
 .eh_frame      0x000000000002f390       0x40 build/cooja/mtype948.a(uip-udp-packet.)
                                         0x58 (size before relaxing)
 .eh_frame      0x000000000002f3d0      0x1e8 build/cooja/mtype948.a(uip6.o)
                                        0x200 (size before relaxing)
 .eh_frame      0x000000000002f5b8      0x200 build/cooja/mtype948.a(uipbuf.o)
                                        0x218 (size before relaxing)
 .eh_frame      0x000000000002f7b8       0x80 build/cooja/mtype948.a(uiplib.o)
                                         0x98 (size before relaxing)
 .eh_frame      0x000000000002f838      0x1e0 build/cooja/mtype948.a(rpl.o)
                                        0x1f8 (size before relaxing)
 .eh_frame      0x000000000002fa18       0xa0 build/cooja/mtype948.a(watchdog.o)
                                         0xb8 (size before relaxing)
 .eh_frame      0x000000000002fab8       0x80 build/cooja/mtype948.a(int-master.o)
                                         0x98 (size before relaxing)
 .eh_frame      0x000000000002fb38       0xc0 build/cooja/mtype948.a(stimer.o)
                                         0xd8 (size before relaxing)
 .eh_frame      0x000000000002fbf8       0xa0 build/cooja/mtype948.a(memb.o)
                                         0xb8 (size before relaxing)
 .eh_frame      0x000000000002fc98       0xa0 build/cooja/mtype948.a(ringbuf.o)
                                         0xb8 (size before relaxing)
 .eh_frame      0x000000000002fd38      0x120 build/cooja/mtype948.a(link-stats.o)
                                        0x138 (size before relaxing)
 .eh_frame      0x000000000002fe58      0x3e0 build/cooja/mtype948.a(nbr-table.o)
                                        0x3f8 (size before relaxing)
 .eh_frame      0x0000000000030238       0x48 build/cooja/mtype948.a(mac-sequence.o)
                                         0x60 (size before relaxing)
 .eh_frame      0x0000000000030280       0xa8 build/cooja/mtype948.a(framer-802154.o)
                                         0xc0 (size before relaxing)
 .eh_frame      0x0000000000030328      0x1c8 build/cooja/mtype948.a(csma-output.o)
                                        0x1e0 (size before relaxing)
 .eh_frame      0x00000000000304f0       0x40 build/cooja/mtype948.a(csma-security.o)
                                         0x58 (size before relaxing)
 .eh_frame      0x0000000000030530      0x148 build/cooja/mtype948.a(uip-icmp6.o)
                                        0x160 (size before relaxing)
 .eh_frame      0x0000000000030678       0x80 build/cooja/mtype948.a(uip-nd6.o)
                                         0x98 (size before relaxing)
 .eh_frame      0x00000000000306f8      0x180 build/cooja/mtype948.a(uip-sr.o)
                                        0x198 (size before relaxing)
 .eh_frame      0x0000000000030878       0xa0 build/cooja/mtype948.a(rpl-dag-root.o)
                                         0xb8 (size before relaxing)
 .eh_frame      0x0000000000030918      0x360 build/cooja/mtype948.a(rpl-dag.o)
                                        0x378 (size before relaxing)
 .eh_frame      0x0000000000030c78      0x128 build/cooja/mtype948.a(rpl-ext-header.)
                                        0x140 (size before relaxing)
 .eh_frame      0x0000000000030da0      0x1c0 build/cooja/mtype948.a(rpl-icmp6.o)
                                        0x1d8 (size before relaxing)
 .eh_frame      0x0000000000030f60      0x148 build/cooja/mtype948.a(rpl-mrhof.o)
                                        0x160 (size before relaxing)
 .eh_frame      0x00000000000310a8       0x40 build/cooja/mtype948.a(rpl-nbr-policy.)
                                         0x58 (size before relaxing)
 .eh_frame      0x00000000000310e8      0x2b0 build/cooja/mtype948.a(rpl-neighbor.o)
                                        0x2c8 (size before relaxing)
 .eh_frame      0x0000000000031398      0x3a8 build/cooja/mtype948.a(rpl-timers.o)
                                        0x3c0 (size before relaxing)
 .eh_frame      0x0000000000031740       0x20 build/cooja/mtype948.a(assert.o)
                                         0x38 (size before relaxing)
 .eh_frame      0x0000000000031760       0x20 build/cooja/mtype948.a(mac.o)
                                         0x38 (size before relaxing)
 .eh_frame      0x0000000000031780      0x1a4 build/cooja/mtype948.a(frame802154.o)
                                        0x1c0 (size before relaxing)
 .eh_frame      0x0000000000031924        0x4 /usr/lib/gcc/x86_64-linux-gnu/11/crtendS.o
 *(.eh_frame.*)

.gcc_except_table
 *(.gcc_except_table .gcc_except_table.*)

.gnu_extab
 *(.gnu_extab*)

.exception_ranges
 *(.exception_ranges*)
                0x00000000000336f0                . = DATA_SEGMENT_ALIGN (CONSTANT (MAXPAGESIZE), CONSTANT (COMMONPAGESIZE))

.eh_frame
 *(.eh_frame)
 *(.eh_frame.*)

.gnu_extab
 *(.gnu_extab)

.gcc_except_table
 *(.gcc_except_table .gcc_except_table.*)

.exception_ranges
 *(.exception_ranges*)

.tdata
 *(.tdata .tdata.* .gnu.linkonce.td.*)

.tbss
 *(.tbss .tbss.* .gnu.linkonce.tb.*)
 *(.tcommon)

.preinit_array
 *(.preinit_array)

.init_array     0x00000000000336f0        0x8
 *(SORT_BY_INIT_PRIORITY(.init_array.*) SORT_BY_INIT_PRIORITY(.ctors.*))
 *(.init_array EXCLUDE_FILE(*crtend?.o *crtend.o *crtbegin?.o *crtbegin.o) .ctors)
 .init_array    0x00000000000336f0        0x8 /usr/lib/gcc/x86_64-linux-gnu/11/crtbeginS.o

.fini_array     0x00000000000336f8        0x8
 *(SORT_BY_INIT_PRIORITY(.fini_array.*) SORT_BY_INIT_PRIORITY(.dtors.*))
 *(.fini_array EXCLUDE_FILE(*crtend?.o *crtend.o *crtbegin?.o *crtbegin.o) .dtors)
 .fini_array    0x00000000000336f8        0x8 /usr/lib/gcc/x86_64-linux-gnu/11/crtbeginS.o

.ctors
 *crtbegin.o(.ctors)
 *crtbegin?.o(.ctors)
 *(EXCLUDE_FILE(*crtend?.o *crtend.o) .ctors)
 *(SORT_BY_NAME(.ctors.*))
 *(.ctors)

.dtors
 *crtbegin.o(.dtors)
 *crtbegin?.o(.dtors)
 *(EXCLUDE_FILE(*crtend?.o *crtend.o) .dtors)
 *(SORT_BY_NAME(.dtors.*))
 *(.dtors)

.jcr
 *(.jcr)

.data.rel.ro    0x0000000000033700      0x350
 *(.data.rel.ro.local* .gnu.linkonce.d.rel.ro.local.*)
 .data.rel.ro.local
                0x0000000000033700       0x10 build/cooja/mtype948.a(beep.o)
                0x0000000000033700                beep_interface
 .data.rel.ro.local
                0x0000000000033710       0x10 build/cooja/mtype948.a(leds-arch.o)
                0x0000000000033710                leds_interface
 .data.rel.ro.local
                0x0000000000033720       0x10 build/cooja/mtype948.a(moteid.o)
                0x0000000000033720                moteid_interface
 *fill*         0x0000000000033730       0x10 
 .data.rel.ro.local
                0x0000000000033740       0x40 build/cooja/mtype948.a(pir-sensor.o)
                0x0000000000033740                pir_interface
                0x0000000000033760                pir_sensor
 .data.rel.ro.local
                0x0000000000033780       0x10 build/cooja/mtype948.a(rs232.o)
                0x0000000000033780                rs232_interface
 *fill*         0x0000000000033790       0x10 
 .data.rel.ro.local
                0x00000000000337a0       0x40 build/cooja/mtype948.a(vib-sensor.o)
                0x00000000000337a0                vib_interface
                0x00000000000337c0                vib_sensor
 .data.rel.ro.local
                0x00000000000337e0       0x10 build/cooja/mtype948.a(clock.o)
                0x00000000000337e0                clock_interface
 .data.rel.ro.local
                0x00000000000337f0       0x10 build/cooja/mtype948.a(cooja-log.o)
                0x00000000000337f0                simlog_interface
 .data.rel.ro.local
                0x0000000000033800       0x10 build/cooja/mtype948.a(cfs-cooja.o)
                0x0000000000033800                cfs_interface
 *fill*         0x0000000000033810       0x10 
 .data.rel.ro.local
                0x0000000000033820       0x90 build/cooja/mtype948.a(cooja-radio.o)
                0x0000000000033820                radio_interface
                0x0000000000033840                cooja_radio_driver
 .data.rel.ro.local
                0x00000000000338b0       0x10 build/cooja/mtype948.a(eeprom.o)
                0x00000000000338b0                eeprom_interface
 .data.rel.ro.local
                0x00000000000338c0       0x40 build/cooja/mtype948.a(buttons.o)
                0x00000000000338c0                button_interface
                0x00000000000338e0                button_sensor
 .data.rel.ro.local
                0x0000000000033900       0x38 build/cooja/mtype948.a(csma.o)
                0x0000000000033900                csma_driver
 *fill*         0x0000000000033938        0x8 
 .data.rel.ro.local
                0x0000000000033940       0x18 build/cooja/mtype948.a(framer-802154.o)
                0x0000000000033940                framer_802154
 *(.data.rel.ro .data.rel.ro.* .gnu.linkonce.d.rel.ro.*)
 .data.rel.ro   0x0000000000033958        0x0 /usr/lib/gcc/x86_64-linux-gnu/11/../../../x86_64-linux-gnu/crti.o
 *fill*         0x0000000000033958        0x8 
 .data.rel.ro   0x0000000000033960       0x10 udp-server-sample.o
                0x0000000000033960                autostart_processes
 *fill*         0x0000000000033970       0x10 
 .data.rel.ro   0x0000000000033980       0x20 build/cooja/mtype948.a(sicslowpan.o)
                0x0000000000033980                sicslowpan_driver
 .data.rel.ro   0x00000000000339a0       0xa8 build/cooja/mtype948.a(rpl.o)
                0x00000000000339a0                rpl_lite_driver
 .data.rel.ro   0x0000000000033a48        0x8 build/cooja/mtype948.a(rpl-dag.o)

.dynamic        0x0000000000033a50      0x1c0
 *(.dynamic)
 .dynamic       0x0000000000033a50      0x1c0 /usr/lib/gcc/x86_64-linux-gnu/11/../../../x86_64-linux-gnu/crti.o
                0x0000000000033a50                _DYNAMIC

.got            0x0000000000033c10      0x3f0
 *(.got)
 .got           0x0000000000033c10      0x3f0 /usr/lib/gcc/x86_64-linux-gnu/11/../../../x86_64-linux-gnu/crti.o
 *(.igot)
                0x0000000000034fe8                . = DATA_SEGMENT_RELRO_END (., (SIZEOF (.got.plt) >= 0x18)?0x18:0x0)

.got.plt        0x0000000000034000      0xb20
 *(.got.plt)
 .got.plt       0x0000000000034000      0xb20 /usr/lib/gcc/x86_64-linux-gnu/11/../../../x86_64-linux-gnu/crti.o
                0x0000000000034000                _GLOBAL_OFFSET_TABLE_
 *(.igot.plt)

.data           0x0000000000034b20      0x792
 *(.data .data.* .gnu.linkonce.d.*)
 .data          0x0000000000034b20        0x0 /usr/lib/gcc/x86_64-linux-gnu/11/../../../x86_64-linux-gnu/crti.o
 .data          0x0000000000034b20        0x0 /usr/lib/gcc/x86_64-linux-gnu/11/crtbeginS.o
 .data.rel.local
                0x0000000000034b20        0x8 /usr/lib/gcc/x86_64-linux-gnu/11/crtbeginS.o
                0x0000000000034b20                __dso_handle
 .data          0x0000000000034b28        0x0 udp-server-sample.o
 *fill*         0x0000000000034b28       0x18 
 .data.rel.local
                0x0000000000034b40       0x20 udp-server-sample.o
                0x0000000000034b40                udp_server_process
 .data          0x0000000000034b60        0x0 build/cooja/mtype948.o
 .data.rel      0x0000000000034b60       0xa0 build/cooja/mtype948.o
                0x0000000000034b60                simInterfaces
                0x0000000000034be0                sensors
 .data          0x0000000000034c00        0x0 build/cooja/obj/Image.o
 .data          0x0000000000034c00        0x0 build/cooja/obj/ImageDB.o
 .data          0x0000000000034c00        0x0 build/cooja/obj/TransferUDP.o
 .data          0x0000000000034c00        0x0 build/cooja/mtype948.a(simEnvChange.o)
 .data          0x0000000000034c00        0x0 build/cooja/mtype948.a(cooja_mt.o)
 .data          0x0000000000034c00        0x0 build/cooja/mtype948.a(cooja_mtarch.o)
 .data          0x0000000000034c00        0x0 build/cooja/mtype948.a(rtimer-arch.o)
 .data          0x0000000000034c00        0x0 build/cooja/mtype948.a(beep.o)
 .data          0x0000000000034c00        0x0 build/cooja/mtype948.a(leds-arch.o)
 .data          0x0000000000034c00        0x0 build/cooja/mtype948.a(moteid.o)
 .data          0x0000000000034c00        0x0 build/cooja/mtype948.a(pir-sensor.o)
 .data          0x0000000000034c00        0x0 build/cooja/mtype948.a(rs232.o)
 .data          0x0000000000034c00        0x0 build/cooja/mtype948.a(vib-sensor.o)
 .data          0x0000000000034c00        0x0 build/cooja/mtype948.a(clock.o)
 .data          0x0000000000034c00        0x0 build/cooja/mtype948.a(cooja-log.o)
 .data          0x0000000000034c00        0x1 build/cooja/mtype948.a(cfs-cooja.o)
                0x0000000000034c00                imgsimsimul
 *fill*         0x0000000000034c01        0x3 
 .data          0x0000000000034c04       0x1c build/cooja/mtype948.a(cooja-radio.o)
                0x0000000000034c04                simRadioHWOn
                0x0000000000034c08                simSignalStrength
                0x0000000000034c0c                simLastSignalStrength
                0x0000000000034c10                simPower
                0x0000000000034c14                simRadioChannel
                0x0000000000034c18                simLQI
 .data.rel.local
                0x0000000000034c20       0x20 build/cooja/mtype948.a(cooja-radio.o)
                0x0000000000034c20                cooja_radio_process
 .data          0x0000000000034c40        0x0 build/cooja/mtype948.a(eeprom.o)
 .data          0x0000000000034c40        0x0 build/cooja/mtype948.a(random.o)
 .data          0x0000000000034c40        0x0 build/cooja/mtype948.a(sensors.o)
 .data.rel.local
                0x0000000000034c40       0x20 build/cooja/mtype948.a(sensors.o)
                0x0000000000034c40                sensors_process
 .data          0x0000000000034c60        0x0 build/cooja/mtype948.a(leds.o)
 .data          0x0000000000034c60        0x0 build/cooja/mtype948.a(gpio-hal-arch.o)
 .data          0x0000000000034c60        0x1 build/cooja/mtype948.a(buttons.o)
                0x0000000000034c60                simButtonIsActive
 *fill*         0x0000000000034c61       0x1f 
 .data.rel.local
                0x0000000000034c80       0xb0 build/cooja/mtype948.a(buttons.o)
                0x0000000000034d20                button_hal_buttons
 .data          0x0000000000034d30        0x0 build/cooja/mtype948.a(contiki-main.o)
 .data          0x0000000000034d30        0x0 build/cooja/mtype948.a(autostart.o)
 .data          0x0000000000034d30        0x0 build/cooja/mtype948.a(ctimer.o)
 *fill*         0x0000000000034d30       0x10 
 .data.rel.local
                0x0000000000034d40       0x40 build/cooja/mtype948.a(ctimer.o)
                0x0000000000034d60                ctimer_process
 .data          0x0000000000034d80        0x0 build/cooja/mtype948.a(energest.o)
 .data          0x0000000000034d80        0x0 build/cooja/mtype948.a(etimer.o)
 .data.rel.local
                0x0000000000034d80       0x20 build/cooja/mtype948.a(etimer.o)
                0x0000000000034d80                etimer_process
 .data          0x0000000000034da0        0x4 build/cooja/mtype948.a(log.o)
                0x0000000000034da0                curr_log_level_main
 *fill*         0x0000000000034da4       0x1c 
 .data.rel      0x0000000000034dc0      0x138 build/cooja/mtype948.a(log.o)
                0x0000000000034dc0                all_modules
 .data          0x0000000000034ef8        0x0 build/cooja/mtype948.a(node-id.o)
 .data          0x0000000000034ef8        0x0 build/cooja/mtype948.a(process.o)
 .data          0x0000000000034ef8        0x0 build/cooja/mtype948.a(rtimer.o)
 .data          0x0000000000034ef8        0x0 build/cooja/mtype948.a(timer.o)
 .data          0x0000000000034ef8        0x0 build/cooja/mtype948.a(list.o)
 .data          0x0000000000034ef8        0x0 build/cooja/mtype948.a(button-hal.o)
 *fill*         0x0000000000034ef8        0x8 
 .data.rel.local
                0x0000000000034f00       0x20 build/cooja/mtype948.a(button-hal.o)
                0x0000000000034f00                button_hal_process
 .data          0x0000000000034f20        0x0 build/cooja/mtype948.a(gpio-hal.o)
 .data.rel.local
                0x0000000000034f20        0x8 build/cooja/mtype948.a(gpio-hal.o)
 .data          0x0000000000034f28        0x0 build/cooja/mtype948.a(serial-line.o)
 *fill*         0x0000000000034f28       0x18 
 .data.rel.local
                0x0000000000034f40       0x20 build/cooja/mtype948.a(serial-line.o)
                0x0000000000034f40                serial_line_process
 .data          0x0000000000034f60        0x0 build/cooja/mtype948.a(linkaddr.o)
 .data          0x0000000000034f60        0x0 build/cooja/mtype948.a(netstack.o)
 .data.rel.local
                0x0000000000034f60        0x8 build/cooja/mtype948.a(netstack.o)
 .data          0x0000000000034f68        0x0 build/cooja/mtype948.a(packetbuf.o)
 .data.rel.local
                0x0000000000034f68        0x8 build/cooja/mtype948.a(packetbuf.o)
 .data          0x0000000000034f70        0x0 build/cooja/mtype948.a(queuebuf.o)
 .data.rel.local
                0x0000000000034f70       0x38 build/cooja/mtype948.a(queuebuf.o)
 .data          0x0000000000034fa8        0x0 build/cooja/mtype948.a(csma.o)
 .data          0x0000000000034fa8        0x0 build/cooja/mtype948.a(sicslowpan.o)
 .data          0x0000000000034fa8        0x0 build/cooja/mtype948.a(simple-udp.o)
 *fill*         0x0000000000034fa8       0x18 
 .data.rel.local
                0x0000000000034fc0       0x20 build/cooja/mtype948.a(simple-udp.o)
                0x0000000000034fc0                simple_udp_process
 .data          0x0000000000034fe0        0x0 build/cooja/mtype948.a(tcpip.o)
 .data.rel.local
                0x0000000000034fe0       0x20 build/cooja/mtype948.a(tcpip.o)
                0x0000000000034fe0                tcpip_process
 .data          0x0000000000035000        0x0 build/cooja/mtype948.a(uip-ds6-nbr.o)
 .data.rel.local
                0x0000000000035000       0x20 build/cooja/mtype948.a(uip-ds6-nbr.o)
 .data          0x0000000000035020        0x0 build/cooja/mtype948.a(uip-ds6-route.o)
 .data.rel.local
                0x0000000000035020       0x28 build/cooja/mtype948.a(uip-ds6-route.o)
 .data          0x0000000000035048        0x0 build/cooja/mtype948.a(uip-ds6.o)
 .data          0x0000000000035048        0x0 build/cooja/mtype948.a(uip-packetqueue)
 *fill*         0x0000000000035048        0x8 
 .data.rel.local
                0x0000000000035050       0x18 build/cooja/mtype948.a(uip-packetqueue)
 .data          0x0000000000035068        0x0 build/cooja/mtype948.a(uip-udp-packet.)
 .data          0x0000000000035068        0x0 build/cooja/mtype948.a(uip6.o)
 .data          0x0000000000035068        0x0 build/cooja/mtype948.a(uipbuf.o)
 .data          0x0000000000035068        0x0 build/cooja/mtype948.a(uiplib.o)
 .data          0x0000000000035068        0x0 build/cooja/mtype948.a(rpl.o)
 .data          0x0000000000035068        0x0 build/cooja/mtype948.a(watchdog.o)
 .data          0x0000000000035068        0x0 build/cooja/mtype948.a(int-master.o)
 .data          0x0000000000035068        0x0 build/cooja/mtype948.a(stimer.o)
 .data          0x0000000000035068        0x0 build/cooja/mtype948.a(memb.o)
 .data          0x0000000000035068        0x0 build/cooja/mtype948.a(ringbuf.o)
 .data          0x0000000000035068        0x0 build/cooja/mtype948.a(link-stats.o)
 *fill*         0x0000000000035068        0x8 
 .data.rel.local
                0x0000000000035070       0x20 build/cooja/mtype948.a(link-stats.o)
 .data          0x0000000000035090        0x0 build/cooja/mtype948.a(nbr-table.o)
 .data.rel.local
                0x0000000000035090       0x20 build/cooja/mtype948.a(nbr-table.o)
 .data          0x00000000000350b0        0x0 build/cooja/mtype948.a(mac-sequence.o)
 .data          0x00000000000350b0        0x0 build/cooja/mtype948.a(framer-802154.o)
 .data          0x00000000000350b0        0x0 build/cooja/mtype948.a(csma-output.o)
 .data.rel.local
                0x00000000000350b0       0x60 build/cooja/mtype948.a(csma-output.o)
 .data          0x0000000000035110        0x0 build/cooja/mtype948.a(csma-security.o)
 .data          0x0000000000035110        0x0 build/cooja/mtype948.a(uip-icmp6.o)
 .data.rel.local
                0x0000000000035110       0x48 build/cooja/mtype948.a(uip-icmp6.o)
 .data          0x0000000000035158        0x0 build/cooja/mtype948.a(uip-nd6.o)
 *fill*         0x0000000000035158        0x8 
 .data.rel.local
                0x0000000000035160       0x18 build/cooja/mtype948.a(uip-nd6.o)
 .data          0x0000000000035178        0x0 build/cooja/mtype948.a(uip-sr.o)
 *fill*         0x0000000000035178        0x8 
 .data.rel.local
                0x0000000000035180       0x28 build/cooja/mtype948.a(uip-sr.o)
 .data          0x00000000000351a8        0x0 build/cooja/mtype948.a(rpl-dag-root.o)
 .data          0x00000000000351a8        0x0 build/cooja/mtype948.a(rpl-dag.o)
 .data          0x00000000000351a8        0x0 build/cooja/mtype948.a(rpl-ext-header.)
 .data          0x00000000000351a8        0x0 build/cooja/mtype948.a(rpl-icmp6.o)
 *fill*         0x00000000000351a8        0x8 
 .data.rel.local
                0x00000000000351b0       0x78 build/cooja/mtype948.a(rpl-icmp6.o)
 .data          0x0000000000035228        0x0 build/cooja/mtype948.a(rpl-mrhof.o)
 *fill*         0x0000000000035228       0x18 
 .data.rel.local
                0x0000000000035240       0x48 build/cooja/mtype948.a(rpl-mrhof.o)
                0x0000000000035240                rpl_mrhof
 .data          0x0000000000035288        0x0 build/cooja/mtype948.a(rpl-nbr-policy.)
 .data          0x0000000000035288        0x0 build/cooja/mtype948.a(rpl-neighbor.o)
 *fill*         0x0000000000035288        0x8 
 .data.rel.local
                0x0000000000035290       0x20 build/cooja/mtype948.a(rpl-neighbor.o)
                0x00000000000352a8                rpl_neighbors
 .data          0x00000000000352b0        0x0 build/cooja/mtype948.a(rpl-timers.o)
 .data          0x00000000000352b0        0x0 build/cooja/mtype948.a(assert.o)
 .data          0x00000000000352b0        0x0 build/cooja/mtype948.a(mac.o)
 .data          0x00000000000352b0        0x2 build/cooja/mtype948.a(frame802154.o)
 .data          0x00000000000352b2        0x0 /usr/lib/gcc/x86_64-linux-gnu/11/crtendS.o
 .data          0x00000000000352b2        0x0 /usr/lib/gcc/x86_64-linux-gnu/11/../../../x86_64-linux-gnu/crtn.o

.tm_clone_table
                0x00000000000352b8        0x0
 .tm_clone_table
                0x00000000000352b8        0x0 /usr/lib/gcc/x86_64-linux-gnu/11/crtbeginS.o
 .tm_clone_table
                0x00000000000352b8        0x0 /usr/lib/gcc/x86_64-linux-gnu/11/crtendS.o

.data1
 *(.data1)
                [!provide]                        PROVIDE (_edata = .)
                [!provide]                        PROVIDE (edata = .)
                0x00000000000352b8                . = .
                [!provide]                        PROVIDE (__bss_start = .)

.bss            0x00000000000352c0   0x557580
 *(.dynbss)
 .dynbss        0x00000000000352c0        0x0 /usr/lib/gcc/x86_64-linux-gnu/11/../../../x86_64-linux-gnu/crti.o
 *(.bss .bss.* .gnu.linkonce.b.*)
 .bss           0x00000000000352c0        0x0 /usr/lib/gcc/x86_64-linux-gnu/11/../../../x86_64-linux-gnu/crti.o
 .bss           0x00000000000352c0        0x1 /usr/lib/gcc/x86_64-linux-gnu/11/crtbeginS.o
 *fill*         0x00000000000352c1        0x7 
 .bss           0x00000000000352c8       0x18 udp-server-sample.o
                0x00000000000352c8                serverState
                0x00000000000352d0                udpComm
                0x00000000000352d8                protocol
 .bss           0x00000000000352e0     0x4090 build/cooja/mtype948.o
                0x00000000000352e0                sensors_flags
                0x00000000000352e8                referenceVar
 .bss           0x0000000000039370        0x0 build/cooja/obj/Image.o
 .bss           0x0000000000039370        0x0 build/cooja/obj/ImageDB.o
 .bss           0x0000000000039370       0x18 build/cooja/obj/TransferUDP.o
                0x0000000000039370                TransferUDP
 .bss           0x0000000000039388       0x18 build/cooja/mtype948.a(simEnvChange.o)
                0x0000000000039388                simDontFallAsleep
                0x000000000003938c                simProcessRunValue
                0x0000000000039390                simEtimerPending
                0x0000000000039398                simEtimerNextExpirationTime
 .bss           0x00000000000393a0        0x8 build/cooja/mtype948.a(cooja_mt.o)
 .bss           0x00000000000393a8        0x8 build/cooja/mtype948.a(cooja_mtarch.o)
 .bss           0x00000000000393b0       0x18 build/cooja/mtype948.a(rtimer-arch.o)
                0x00000000000393b0                simRtimerPending
                0x00000000000393b8                simRtimerNextExpirationTime
                0x00000000000393c0                simRtimerCurrentTicks
 .bss           0x00000000000393c8        0x1 build/cooja/mtype948.a(beep.o)
                0x00000000000393c8                simBeeped
 .bss           0x00000000000393c9        0x1 build/cooja/mtype948.a(leds-arch.o)
                0x00000000000393c9                simLedsValue
 *fill*         0x00000000000393ca        0x2 
 .bss           0x00000000000393cc        0xc build/cooja/mtype948.a(moteid.o)
                0x00000000000393cc                simMoteID
                0x00000000000393d0                simMoteIDChanged
                0x00000000000393d4                simRandomSeed
 .bss           0x00000000000393d8        0x3 build/cooja/mtype948.a(pir-sensor.o)
                0x00000000000393d8                simPirChanged
                0x00000000000393d9                simPirIsActive
                0x00000000000393da                simPirValue
 *fill*         0x00000000000393db        0x5 
 .bss           0x00000000000393e0      0x810 build/cooja/mtype948.a(rs232.o)
                0x00000000000393e0                simSerialReceivingData
                0x0000000000039be0                simSerialReceivingLength
                0x0000000000039be4                simSerialReceivingFlag
 .bss           0x0000000000039bf0        0x3 build/cooja/mtype948.a(vib-sensor.o)
                0x0000000000039bf0                simVibChanged
                0x0000000000039bf1                simVibIsActive
                0x0000000000039bf2                simVibValue
 *fill*         0x0000000000039bf3        0x5 
 .bss           0x0000000000039bf8        0x8 build/cooja/mtype948.a(clock.o)
                0x0000000000039bf8                simCurrentTime
 .bss           0x0000000000039c00     0x4020 build/cooja/mtype948.a(cooja-log.o)
                0x0000000000039c00                simLoggedData
                0x000000000003bc00                simLoggedLength
                0x000000000003bc04                simLoggedFlag
 .bss           0x000000000003dc20   0x53ecc0 build/cooja/mtype948.a(cfs-cooja.o)
                0x000000000003dc20                file_img_0
                0x00000000000b7d40                file_img_1
                0x0000000000131e60                file_img_2
                0x00000000001abf80                file_img_3
                0x00000000002260a0                file_img_4
                0x00000000002a01c0                file_img_5
                0x000000000031a2e0                file_img_6
                0x0000000000394400                file_img_7
                0x000000000040e520                file_img_8
                0x0000000000488640                file_img_9
                0x0000000000502760                file_size_0
                0x0000000000502764                file_size_1
                0x0000000000502768                file_size_2
                0x000000000050276c                file_size_3
                0x0000000000502770                file_size_4
                0x0000000000502774                file_size_5
                0x0000000000502778                file_size_6
                0x000000000050277c                file_size_7
                0x0000000000502780                file_size_8
                0x0000000000502784                file_size_9
                0x0000000000502788                simul_files
                0x00000000005027a0                simCFSData
                0x000000000057c8c0                simCFSSize
                0x000000000057c8c4                simCFSChanged
                0x000000000057c8c8                simCFSRead
                0x000000000057c8cc                simCFSWritten
 .bss           0x000000000057c8e0      0x15c build/cooja/mtype948.a(cooja-radio.o)
                0x000000000057c8e0                simReceiving
                0x000000000057c900                simInDataBuffer
                0x000000000057c980                simInSize
                0x000000000057c988                simLastPacketTimestamp
                0x000000000057c9a0                simOutDataBuffer
                0x000000000057ca20                simOutSize
 *fill*         0x000000000057ca3c        0x4 
 .bss           0x000000000057ca40      0x40c build/cooja/mtype948.a(eeprom.o)
                0x000000000057ca40                simEEPROMData
                0x000000000057ce40                simEEPROMChanged
                0x000000000057ce44                simEEPROMRead
                0x000000000057ce48                simEEPROMWritten
 .bss           0x000000000057ce4c        0x0 build/cooja/mtype948.a(random.o)
 .bss           0x000000000057ce4c        0xc build/cooja/mtype948.a(sensors.o)
                0x000000000057ce4c                sensors_event
 .bss           0x000000000057ce58        0x0 build/cooja/mtype948.a(leds.o)
 *fill*         0x000000000057ce58        0x8 
 .bss           0x000000000057ce60       0x40 build/cooja/mtype948.a(gpio-hal-arch.o)
 .bss           0x000000000057cea0        0x2 build/cooja/mtype948.a(buttons.o)
                0x000000000057cea0                simButtonChanged
                0x000000000057cea1                simButtonIsDown
 .bss           0x000000000057cea2        0x0 build/cooja/mtype948.a(contiki-main.o)
 .bss           0x000000000057cea2        0x0 build/cooja/mtype948.a(autostart.o)
 *fill*         0x000000000057cea2        0x6 
 .bss           0x000000000057cea8        0x9 build/cooja/mtype948.a(ctimer.o)
 .bss           0x000000000057ceb1        0x0 build/cooja/mtype948.a(energest.o)
 *fill*         0x000000000057ceb1        0x7 
 .bss           0x000000000057ceb8       0x10 build/cooja/mtype948.a(etimer.o)
 .bss           0x000000000057cec8       0x2c build/cooja/mtype948.a(log.o)
                0x000000000057cec8                curr_log_level_rpl
                0x000000000057cecc                curr_log_level_tcpip
                0x000000000057ced0                curr_log_level_ipv6
                0x000000000057ced4                curr_log_level_6lowpan
                0x000000000057ced8                curr_log_level_nullnet
                0x000000000057cedc                curr_log_level_mac
                0x000000000057cee0                curr_log_level_framer
                0x000000000057cee4                curr_log_level_6top
                0x000000000057cee8                curr_log_level_coap
                0x000000000057ceec                curr_log_level_snmp
                0x000000000057cef0                curr_log_level_lwm2m
 .bss           0x000000000057cef4        0x2 build/cooja/mtype948.a(node-id.o)
                0x000000000057cef4                node_id
 *fill*         0x000000000057cef6        0xa 
 .bss           0x000000000057cf00      0x321 build/cooja/mtype948.a(process.o)
                0x000000000057cf00                process_list
                0x000000000057cf08                process_current
 *fill*         0x000000000057d221        0x7 
 .bss           0x000000000057d228        0x8 build/cooja/mtype948.a(rtimer.o)
 .bss           0x000000000057d230        0x0 build/cooja/mtype948.a(timer.o)
 .bss           0x000000000057d230        0x0 build/cooja/mtype948.a(list.o)
 .bss           0x000000000057d230       0x28 build/cooja/mtype948.a(button-hal.o)
                0x000000000057d230                button_hal_press_event
                0x000000000057d231                button_hal_release_event
                0x000000000057d232                button_hal_periodic_event
 .bss           0x000000000057d258        0x8 build/cooja/mtype948.a(gpio-hal.o)
 .bss           0x000000000057d260      0x140 build/cooja/mtype948.a(serial-line.o)
                0x000000000057d260                serial_line_event_message
 .bss           0x000000000057d3a0        0x8 build/cooja/mtype948.a(linkaddr.o)
                0x000000000057d3a0                linkaddr_node_addr
 .bss           0x000000000057d3a8        0x8 build/cooja/mtype948.a(netstack.o)
 *fill*         0x000000000057d3b0       0x10 
 .bss           0x000000000057d3c0       0xc0 build/cooja/mtype948.a(packetbuf.o)
                0x000000000057d3c0                packetbuf_attrs
                0x000000000057d3e0                packetbuf_addrs
 .bss           0x000000000057d480     0x2d80 build/cooja/mtype948.a(queuebuf.o)
 .bss           0x0000000000580200        0x0 build/cooja/mtype948.a(csma.o)
 .bss           0x0000000000580200      0x738 build/cooja/mtype948.a(sicslowpan.o)
 *fill*         0x0000000000580938        0x8 
 .bss           0x0000000000580940      0x520 build/cooja/mtype948.a(simple-udp.o)
 .bss           0x0000000000580e60       0x40 build/cooja/mtype948.a(tcpip.o)
                0x0000000000580e60                tcpip_event
 .bss           0x0000000000580ea0     0x2580 build/cooja/mtype948.a(uip-ds6-nbr.o)
 .bss           0x0000000000583420       0x80 build/cooja/mtype948.a(uip-ds6-route.o)